// Jest Snapshot v1, https://goo.gl/fbAQLP

exports[`button spacing in group 1`] = `
<DocumentFragment>
  .emotion-4 {
  display: block;
}

.emotion-4 input,
.emotion-4 label {
  display: block;
}

.emotion-4 label {
  color: #59595B;
}

.emotion-4:focus {
  color: red;
}

.emotion-4 button {
  margin-right: 8px;
}

.emotion-2 {
  display: -webkit-inline-box;
  display: -webkit-inline-flex;
  display: -ms-inline-flexbox;
  display: inline-flex;
  vertical-align: middle;
  border-radius: 0.333333rem;
  background: white;
}

.emotion-2 > * {
  box-sizing: border-box;
  font-size: 1rem;
  padding: 0 0.85rem;
  line-height: 1rem;
  height: 2.4rem;
  display: inline-block;
  vertical-align: middle;
}

.emotion-2 input {
  border: solid 1px #E8E8E8;
  margin: 0;
}

.emotion-2 input + button,
.emotion-2 button + button {
  border-left: none;
}

.emotion-2 button + input {
  border-left: none;
}

form .emotion-2 button {
  margin-right: 0;
}

.emotion-2 button {
  border-radius: 0;
  background: #f5f5f5;
  color: inherit;
  border: solid 1px #E8E8E8;
}

.emotion-2 button:hover {
  background: #ececec;
}

.emotion-2 > *:first-child {
  border-top-left-radius: 0.333333rem;
  border-bottom-left-radius: 0.333333rem;
}

.emotion-2 > *:last-child {
  border-top-right-radius: 0.333333rem;
  border-bottom-right-radius: 0.333333rem;
}

.emotion-0 {
  display: -webkit-inline-box;
  display: -webkit-inline-flex;
  display: -ms-inline-flexbox;
  display: inline-flex;
  -webkit-align-items: center;
  -webkit-box-align: center;
  -ms-flex-align: center;
  align-items: center;
  -webkit-box-pack: center;
  -webkit-justify-content: center;
  -ms-flex-pack: center;
  justify-content: center;
  white-space: pre;
  text-align: center;
  background-color: #1E90FF;
  border-radius: 0.333333rem;
  border: solid 1px #1b81e5;
  color: #fff;
  cursor: pointer;
  font-family: "Fira Sans",system-ui,sans-serif;
  font-weight: 400;
  padding: 0.65em 1em;
  text-align: center;
  -webkit-text-decoration: none;
  text-decoration: none;
  -webkit-transition: background 80ms ease-in;
  transition: background 80ms ease-in;
  vertical-align: middle;
  -webkit-appearance: none;
  -moz-appearance: none;
  appearance: none;
  background-color: #1E90FF;
  color: white;
  border-color: #1b81e5;
  font-size: 0.9rem;
  line-height: 0.9rem;
}

.emotion-0:hover {
  background-color: #1b81e5;
}

.emotion-0:hover {
  background-color: #1b81e5;
}

<form
    class="emotion-4"
  >
    <div
      class="emotion-2 emotion-3"
    >
      <button
        class="emotion-0 emotion-1"
        kind="primary"
        type="button"
      >
        Hello, World!
      </button>
    </div>
  </form>
</DocumentFragment>
`;
